../SPARK_BMS/APPLICATION/Src/bq76pl455.c:50:10:BQ_AFE_ReadSerialNo	24	static
../SPARK_BMS/APPLICATION/Src/bq76pl455.c:68:6:BQ_AFE_Init	8	static
../SPARK_BMS/APPLICATION/Src/bq76pl455.c:110:6:BQ_AFE_ReadVoltage	112	static
../SPARK_BMS/APPLICATION/Src/bq76pl455.c:278:6:BQ_AFE_ReadTemperature	88	static
../SPARK_BMS/APPLICATION/Src/bq76pl455.c:369:6:CURRENT_Read	40	static
../SPARK_BMS/APPLICATION/Src/bq76pl455.c:423:9:BQ_AFE_CheckError	24	static
../SPARK_BMS/APPLICATION/Src/bq76pl455.c:507:6:BQ_AFE_GETState	8	static
../SPARK_BMS/APPLICATION/Src/bq76pl455.c:531:9:movingAvg	24	static
