../SPARK_BMS/DRIVER/Src/can.c:51:6:CAN1_Init	8	static
../SPARK_BMS/DRIVER/Src/can.c:77:6:CAN1_FilterConfig	8	static
../SPARK_BMS/DRIVER/Src/can.c:85:6:CAN1_Rx	40	static
../SPARK_BMS/DRIVER/Src/can.c:253:6:HAL_CAN_RxFifo0MsgPendingCallback	16	static
../SPARK_BMS/DRIVER/Src/can.c:260:6:CAN_MAIN_SEQ	4	static
../SPARK_BMS/DRIVER/Src/can.c:270:6:CAN_SLOW_CHR_SEQ	4	static
../SPARK_BMS/DRIVER/Src/can.c:279:6:CAN_FAST_CHR_SEQ	4	static
../SPARK_BMS/DRIVER/Src/can.c:288:6:CAN_HVAC_ENABLE	4	static
../SPARK_BMS/DRIVER/Src/can.c:297:6:CAN_MAIN_SEQ_CPL	16	static
../SPARK_BMS/DRIVER/Src/can.c:309:6:CAN_SLOW_CHR_SEQ_CPL	16	static
../SPARK_BMS/DRIVER/Src/can.c:321:6:CAN_FAST_CHR_SEQ_CPL	16	static
../SPARK_BMS/DRIVER/Src/can.c:333:6:CAN_HVAC_SEQ_CPL	16	static
../SPARK_BMS/DRIVER/Src/can.c:345:6:CAN_Send_Fault_1	40	static
../SPARK_BMS/DRIVER/Src/can.c:359:6:CAN_Send_Fault_2	40	static
../SPARK_BMS/DRIVER/Src/can.c:373:6:CAN_Send_Warning_1	40	static
../SPARK_BMS/DRIVER/Src/can.c:387:6:CAN_Send_Warning_2	40	static
../SPARK_BMS/DRIVER/Src/can.c:401:6:CAN_Send_Cont_Status	56	static
../SPARK_BMS/DRIVER/Src/can.c:422:6:CAN_Send_Summary	64	static
../SPARK_BMS/DRIVER/Src/can.c:447:6:CAN_Send_MinMax_VOLTAGE	456	static
../SPARK_BMS/DRIVER/Src/can.c:473:6:CAN_Send_MinMax_TEMP	456	static
../SPARK_BMS/DRIVER/Src/can.c:499:6:CAN_Send_PackSummary_VOLTAGE	456	static
../SPARK_BMS/DRIVER/Src/can.c:522:6:CAN_Send_PackSummary_CURRENT	456	static
../SPARK_BMS/DRIVER/Src/can.c:545:6:CAN_Send_PackSummary_SOX	456	static
../SPARK_BMS/DRIVER/Src/can.c:568:6:CAN_Send_MASTER_PACK	528	static
../SPARK_BMS/DRIVER/Src/can.c:599:6:CAN_Send_Slave_PACK	528	static
../SPARK_BMS/DRIVER/Src/can.c:634:6:CAN_Send_MASTER_TEMP	184	static
../SPARK_BMS/DRIVER/Src/can.c:660:6:CAN_Send_SLAVE_TEMP	184	static
../SPARK_BMS/DRIVER/Src/can.c:691:6:CAN_SendAll	8	static
../SPARK_BMS/DRIVER/Src/can.c:706:6:CAN_Send_ALL_Voltage	16	static
../SPARK_BMS/DRIVER/Src/can.c:722:6:CAN_Send_ALL_Temp	16	static
../SPARK_BMS/DRIVER/Src/can.c:739:6:CAN_Send_ALL_BalancingSummary	16	static
../SPARK_BMS/DRIVER/Src/can.c:748:6:CAN_Send_BalancingSummary	688	static
../SPARK_BMS/DRIVER/Src/can.c:782:6:CAN_Send_MODULE_VOLTAGE	504	static
../SPARK_BMS/DRIVER/Src/can.c:810:6:CAN_Send_Module_TEMP	184	static
../SPARK_BMS/DRIVER/Src/can.c:830:6:CAN_Send_CHG_MSG	48	static
../SPARK_BMS/DRIVER/Src/can.c:855:6:CAN_CHR_BIT_SET	4	static
../SPARK_BMS/DRIVER/Src/can.c:860:6:CAN_Rev_CHG_MSG	16	static
../SPARK_BMS/DRIVER/Src/can.c:872:6:Unsigned_Data16toData8	32	static
../SPARK_BMS/DRIVER/Src/can.c:885:6:Data16toData8	32	static
