../SPARK_BMS/DRIVER/Src/uart.c:38:6:UART_Init	16	static
../SPARK_BMS/DRIVER/Src/uart.c:52:6:UART_AFE_Write	16	static
../SPARK_BMS/DRIVER/Src/uart.c:66:6:UART_AFE_Read	24	static
../SPARK_BMS/DRIVER/Src/uart.c:84:6:UART_EEPROM_Send	16	static
../SPARK_BMS/DRIVER/Src/uart.c:92:6:UART_Check_EEPROM_Request	8	static
../SPARK_BMS/DRIVER/Src/uart.c:97:6:HAL_UART_RxCpltCallback	24	static
../SPARK_BMS/DRIVER/Src/uart.c:108:6:UART_BLE_Send	16	static
../SPARK_BMS/DRIVER/Src/uart.c:116:6:UART_HC05_Send	16	static
../SPARK_BMS/DRIVER/Src/uart.c:124:6:UART_BLE_Receive	16	static
