../SPARK_BMS/ENGINE/Src/fault_manager.c:42:6:FAULTMANAGER_Voltage	16	static
../SPARK_BMS/ENGINE/Src/fault_manager.c:254:6:FAULTMANAGER_ClearVoltageFlag	16	static
../SPARK_BMS/ENGINE/Src/fault_manager.c:570:6:FAULTMANAGER_Temperature	16	static
../SPARK_BMS/ENGINE/Src/fault_manager.c:756:6:FAULTMANAGER_ClearTemperatureFlag	16	static
../SPARK_BMS/ENGINE/Src/fault_manager.c:1014:6:FAULTMANAGER_Current	16	static
../SPARK_BMS/ENGINE/Src/fault_manager.c:1150:6:FAULTMANAGER_ClearCurrentFlag	16	static
../SPARK_BMS/ENGINE/Src/fault_manager.c:1277:6:FAULTMANAGER_SOC	16	static
../SPARK_BMS/ENGINE/Src/fault_manager.c:1330:6:FAULTMANAGER_ClearSOCFlag	16	static
../SPARK_BMS/ENGINE/Src/fault_manager.c:1419:6:FAULTMANAGER_ClearFault	8	static
../SPARK_BMS/ENGINE/Src/fault_manager.c:1436:9:FAULTMANAGER_CheckFaults	16	static
