../SPARK_BMS/MODULE/Src/ble.c:55:6:BLE_Init	528	static
../SPARK_BMS/MODULE/Src/ble.c:106:6:UART_Send_Current	80	static
../SPARK_BMS/MODULE/Src/ble.c:123:6:UART_Send_Index	32	static
../SPARK_BMS/MODULE/Src/ble.c:159:6:UART_Send_ALLData	672	static
../SPARK_BMS/MODULE/Src/ble.c:260:6:BLESparkViewInit	8	static
../SPARK_BMS/MODULE/Src/ble.c:265:6:BLECheckSparkViewRequest	8	static
../SPARK_BMS/MODULE/Src/ble.c:281:6:sendSparkViewHome	440	static
../SPARK_BMS/MODULE/Src/ble.c:352:6:sendSparkViewLive	440	static
../SPARK_BMS/MODULE/Src/ble.c:405:6:sendSparkViewDatabase	880	static
../SPARK_BMS/MODULE/Src/ble.c:492:6:sendSparkViewGeneralConfig	32	static
../SPARK_BMS/MODULE/Src/ble.c:500:6:sendSparkViewMSLConfig	272	static
../SPARK_BMS/MODULE/Src/ble.c:514:6:sendSparkViewMOLConfig	336	static
../SPARK_BMS/MODULE/Src/ble.c:529:6:sendSparkViewROLConfig	336	static
../SPARK_BMS/MODULE/Src/ble.c:544:6:updateSparkViewGeneralConfig	8	static
../SPARK_BMS/MODULE/Src/ble.c:576:6:updateSparkViewMSLConfig	8	static
../SPARK_BMS/MODULE/Src/ble.c:729:6:updateSparkViewMOLConfig	8	static
../SPARK_BMS/MODULE/Src/ble.c:914:6:updateSparkViewROLConfig	8	static
../SPARK_BMS/MODULE/Src/ble.c:1099:6:postProcessingData	40	static
../SPARK_BMS/MODULE/Src/ble.c:1208:6:Ringbuf_init	4	static
../SPARK_BMS/MODULE/Src/ble.c:1220:6:store_char	24	static
../SPARK_BMS/MODULE/Src/ble.c:1230:5:IsDataAvailable	4	static
../SPARK_BMS/MODULE/Src/ble.c:1235:6:Uart_isr	24	static
../SPARK_BMS/MODULE/Src/ble.c:1296:6:Uart_read	16	static
../SPARK_BMS/MODULE/Src/ble.c:1306:6:clear_buffer	16	static
